<?xml version="1.0" encoding="utf-8"?><testsuites><testsuite name="pytest" errors="0" failures="0" skipped="0" tests="4" time="1.101" timestamp="2025-12-20T13:45:33.408151" hostname="jsmba"><testcase classname="tests.test_location_utils" name="test_get_normalized_location_success" time="0.001" /><testcase classname="tests.test_location_utils" name="test_get_normalized_location_empty_and_error" time="0.000" /><testcase classname="tests.test_parse_resort_page" name="test_parse_resort_page_basic_fields" time="0.004" /><testcase classname="tests.test_parse_resort_page_malformed" name="test_parse_resort_page_malformed_numbers" time="0.002" /></testsuite></testsuites>